../Core/Src/main.c:84:6:HAL_TIM_PeriodElapsedCallback	16	static
../Core/Src/main.c:98:5:main	80	static
../Core/Src/main.c:221:6:SystemClock_Config	88	static
../Core/Src/main.c:268:13:MX_ADC1_Init	24	static
../Core/Src/main.c:351:13:MX_TIM2_Init	48	static
../Core/Src/main.c:412:13:MX_TIM3_Init	32	static
../Core/Src/main.c:460:13:MX_USART2_UART_Init	8	static
../Core/Src/main.c:491:13:MX_DMA_Init	16	static
../Core/Src/main.c:509:13:MX_GPIO_Init	40	static
../Core/Src/main.c:574:9:discretize	16	static
../Core/Src/main.c:584:10:get_state	40	static
../Core/Src/main.c:595:9:choose_action	24	static
../Core/Src/main.c:611:6:apply_action	16	static
../Core/Src/main.c:625:6:read_sensors	40	static
../Core/Src/main.c:645:6:readIR	24	static
../Core/Src/main.c:651:6:motor_set	16	static
../Core/Src/main.c:683:6:calibrate_sensor	40	static
../Core/Src/main.c:714:6:computeReflectance	32	static
../Core/Src/main.c:737:6:Error_Handler	4	static,ignoring_inline_asm
