../Core/Src/main.c:188:20:Electromagnet_ON	8	static
../Core/Src/main.c:198:20:LED_AllOff	8	static
../Core/Src/main.c:205:20:LED_SetColor	16	static
../Core/Src/main.c:237:5:main	136	static
../Core/Src/main.c:486:6:SystemClock_Config	88	static
../Core/Src/main.c:533:13:MX_ADC1_Init	24	static
../Core/Src/main.c:616:13:MX_TIM2_Init	48	static
../Core/Src/main.c:677:13:MX_TIM3_Init	32	static
../Core/Src/main.c:725:13:MX_USART2_UART_Init	8	static
../Core/Src/main.c:756:13:MX_DMA_Init	16	static
../Core/Src/main.c:774:13:MX_GPIO_Init	40	static
../Core/Src/main.c:849:6:custom_control	16	static
../Core/Src/main.c:886:6:pidInit	24	static
../Core/Src/main.c:894:5:clamp	24	static
../Core/Src/main.c:901:7:clampFloat	24	static
../Core/Src/main.c:908:6:readIR	24	static
../Core/Src/main.c:927:6:calibrate_sensor	40	static
../Core/Src/main.c:978:6:computeReflectance	32	static
../Core/Src/main.c:996:7:position_reflectance	64	static
../Core/Src/main.c:1021:7:position_states	56	static
../Core/Src/main.c:1040:6:cornerDetection	16	static
../Core/Src/main.c:1050:7:pid_compute	40	static
../Core/Src/main.c:1065:7:compute_line_conf	24	static
../Core/Src/main.c:1072:6:control_track	24	static
../Core/Src/main.c:1087:6:control_pivot	24	static
../Core/Src/main.c:1099:6:control_gap	24	static
../Core/Src/main.c:1113:15:TCS3200_DetectColor	40	static
../Core/Src/main.c:1146:6:LED_BlinkColor	24	static
../Core/Src/main.c:1172:10:Read_Color_Frequency	16	static
../Core/Src/main.c:1183:9:IR_ObjectDetected	8	static
../Core/Src/main.c:1198:6:Error_Handler	4	static,ignoring_inline_asm
